
Discarded input sections

 .text          0x00000000        0x0 ace/CMakeFiles/ace.dir/src/ace/managers/audio.c.obj
 .data          0x00000000        0x0 ace/CMakeFiles/ace.dir/src/ace/managers/audio.c.obj
 .bss           0x00000000        0x0 ace/CMakeFiles/ace.dir/src/ace/managers/audio.c.obj
 .gnu.debuglto_.debug_info
                0x00000000     0x119f ace/CMakeFiles/ace.dir/src/ace/managers/audio.c.obj
 .gnu.debuglto_.debug_abbrev
                0x00000000      0x1dc ace/CMakeFiles/ace.dir/src/ace/managers/audio.c.obj
 .gnu.debuglto_.debug_line
                0x00000000      0x27e ace/CMakeFiles/ace.dir/src/ace/managers/audio.c.obj
 .gnu.debuglto_.debug_str
                0x00000000       0x2f ace/CMakeFiles/ace.dir/src/ace/managers/audio.c.obj
 .gnu.lto_.inline.bc276
                0x00000000       0xc5 ace/CMakeFiles/ace.dir/src/ace/managers/audio.c.obj
 .gnu.lto_.jmpfuncs.bc276
                0x00000000        0xb ace/CMakeFiles/ace.dir/src/ace/managers/audio.c.obj
 .gnu.lto_.ipa_modref.bc276
                0x00000000        0xb ace/CMakeFiles/ace.dir/src/ace/managers/audio.c.obj
 .gnu.lto_.lto.bc276
                0x00000000        0x8 ace/CMakeFiles/ace.dir/src/ace/managers/audio.c.obj
 .gnu.lto_audioIntHandler.6.bc276
                0x00000000      0x23a ace/CMakeFiles/ace.dir/src/ace/managers/audio.c.obj
 .gnu.lto_audioCreate.7.bc276
                0x00000000      0x2ac ace/CMakeFiles/ace.dir/src/ace/managers/audio.c.obj
 .gnu.lto_audioDestroy.8.bc276
                0x00000000      0x1b9 ace/CMakeFiles/ace.dir/src/ace/managers/audio.c.obj
 .gnu.lto_audioPlay.9.bc276
                0x00000000      0x2d8 ace/CMakeFiles/ace.dir/src/ace/managers/audio.c.obj
 .gnu.lto_audioStop.10.bc276
                0x00000000      0x17c ace/CMakeFiles/ace.dir/src/ace/managers/audio.c.obj
 .gnu.lto_sampleCreate.11.bc276
                0x00000000      0x212 ace/CMakeFiles/ace.dir/src/ace/managers/audio.c.obj
 .gnu.lto_sampleCreateFromFile.12.bc276
                0x00000000      0x354 ace/CMakeFiles/ace.dir/src/ace/managers/audio.c.obj
 .gnu.lto_sampleDestroy.13.bc276
                0x00000000      0x15f ace/CMakeFiles/ace.dir/src/ace/managers/audio.c.obj
 .gnu.lto_.symbol_nodes.bc276
                0x00000000       0xe3 ace/CMakeFiles/ace.dir/src/ace/managers/audio.c.obj
 .gnu.lto_.refs.bc276
                0x00000000       0x30 ace/CMakeFiles/ace.dir/src/ace/managers/audio.c.obj
 .gnu.lto_.decls.bc276
                0x00000000     0x1c3b ace/CMakeFiles/ace.dir/src/ace/managers/audio.c.obj
 .gnu.lto_.symtab.bc276
                0x00000000      0x239 ace/CMakeFiles/ace.dir/src/ace/managers/audio.c.obj
 .gnu.lto_.ext_symtab.bc276
                0x00000000       0x2b ace/CMakeFiles/ace.dir/src/ace/managers/audio.c.obj
 .gnu.lto_.opts
                0x00000000       0xc9 ace/CMakeFiles/ace.dir/src/ace/managers/audio.c.obj
 .bss.s_pControls
                0x00000000        0x8 ace/CMakeFiles/ace.dir/src/ace/managers/audio.c.obj
 .text.audioIntHandler
                0x00000000       0x40 ace/CMakeFiles/ace.dir/src/ace/managers/audio.c.obj
 .text.audioCreate
                0x00000000       0x9c ace/CMakeFiles/ace.dir/src/ace/managers/audio.c.obj
 .text.audioDestroy
                0x00000000       0x4c ace/CMakeFiles/ace.dir/src/ace/managers/audio.c.obj
 .text.audioPlay
                0x00000000       0xc0 ace/CMakeFiles/ace.dir/src/ace/managers/audio.c.obj
 .text.audioStop
                0x00000000       0x3e ace/CMakeFiles/ace.dir/src/ace/managers/audio.c.obj
 .text.sampleCreate
                0x00000000       0x5c ace/CMakeFiles/ace.dir/src/ace/managers/audio.c.obj
 .rodata        0x00000000        0x3 ace/CMakeFiles/ace.dir/src/ace/managers/audio.c.obj
 .text.sampleCreateFromFile
                0x00000000       0xc4 ace/CMakeFiles/ace.dir/src/ace/managers/audio.c.obj
 .text.sampleDestroy
                0x00000000       0x36 ace/CMakeFiles/ace.dir/src/ace/managers/audio.c.obj
 .debug_frame   0x00000000      0x288 ace/CMakeFiles/ace.dir/src/ace/managers/audio.c.obj
 .debug_info    0x00000000     0x124c ace/CMakeFiles/ace.dir/src/ace/managers/audio.c.obj
 .debug_abbrev  0x00000000      0x1fe ace/CMakeFiles/ace.dir/src/ace/managers/audio.c.obj
 .debug_aranges
                0x00000000       0x58 ace/CMakeFiles/ace.dir/src/ace/managers/audio.c.obj
 .debug_rnglists
                0x00000000       0x55 ace/CMakeFiles/ace.dir/src/ace/managers/audio.c.obj
 .debug_line    0x00000000      0x68e ace/CMakeFiles/ace.dir/src/ace/managers/audio.c.obj
 .debug_str     0x00000000       0x2f ace/CMakeFiles/ace.dir/src/ace/managers/audio.c.obj
 .comment       0x00000000       0x13 ace/CMakeFiles/ace.dir/src/ace/managers/audio.c.obj
 .text          0x00000000        0x0 ace/CMakeFiles/ace.dir/src/ace/managers/blit.c.obj
 .data          0x00000000        0x0 ace/CMakeFiles/ace.dir/src/ace/managers/blit.c.obj
 .bss           0x00000000        0x0 ace/CMakeFiles/ace.dir/src/ace/managers/blit.c.obj
[...]
Memory Configuration

Name             Origin             Length             Attributes
*default*        0x00000000         0xffffffff

Linker script and memory map

Address of section .text set to 0x0
LOAD ace/CMakeFiles/ace.dir/src/ace/managers/audio.c.obj
LOAD ace/CMakeFiles/ace.dir/src/ace/managers/blit.c.obj
LOAD ace/CMakeFiles/ace.dir/src/ace/managers/copper.c.obj
LOAD ace/CMakeFiles/ace.dir/src/ace/managers/game.c.obj
LOAD ace/CMakeFiles/ace.dir/src/ace/managers/joy.c.obj
LOAD ace/CMakeFiles/ace.dir/src/ace/managers/key.c.obj
LOAD ace/CMakeFiles/ace.dir/src/ace/managers/log.c.obj
LOAD ace/CMakeFiles/ace.dir/src/ace/managers/memory.c.obj
LOAD ace/CMakeFiles/ace.dir/src/ace/managers/mouse.c.obj
LOAD ace/CMakeFiles/ace.dir/src/ace/managers/ptplayer.c.obj
LOAD ace/CMakeFiles/ace.dir/src/ace/managers/rand.c.obj
LOAD ace/CMakeFiles/ace.dir/src/ace/managers/sprite.c.obj
LOAD ace/CMakeFiles/ace.dir/src/ace/managers/state.c.obj
LOAD ace/CMakeFiles/ace.dir/src/ace/managers/system.c.obj
LOAD ace/CMakeFiles/ace.dir/src/ace/managers/timer.c.obj
LOAD ace/CMakeFiles/ace.dir/src/ace/managers/viewport/camera.c.obj
LOAD ace/CMakeFiles/ace.dir/src/ace/managers/viewport/scrollbuffer.c.obj
LOAD ace/CMakeFiles/ace.dir/src/ace/managers/viewport/simplebuffer.c.obj
LOAD ace/CMakeFiles/ace.dir/src/ace/managers/viewport/tilebuffer.c.obj
LOAD ace/CMakeFiles/ace.dir/src/ace/utils/bitmap.c.obj
LOAD ace/CMakeFiles/ace.dir/src/ace/utils/bmframe.c.obj
LOAD ace/CMakeFiles/ace.dir/src/ace/utils/chunky.c.obj
LOAD ace/CMakeFiles/ace.dir/src/ace/utils/custom.c.obj
LOAD ace/CMakeFiles/ace.dir/src/ace/utils/dir.c.obj
LOAD ace/CMakeFiles/ace.dir/src/ace/utils/extview.c.obj
LOAD ace/CMakeFiles/ace.dir/src/ace/utils/file.c.obj
LOAD ace/CMakeFiles/ace.dir/src/ace/utils/font.c.obj
LOAD ace/CMakeFiles/ace.dir/src/ace/utils/palette.c.obj
LOAD ace/CMakeFiles/ace.dir/src/ace/utils/sprite.c.obj
LOAD ace/CMakeFiles/ace.dir/src/ace/utils/string.c.obj
LOAD ace/CMakeFiles/ace.dir/src/ace/utils/tag.c.obj
LOAD ace/CMakeFiles/ace.dir/src/fixmath/fix16.c.obj
LOAD ace/CMakeFiles/ace.dir/src/fixmath/fix16_exp.c.obj
LOAD ace/CMakeFiles/ace.dir/src/fixmath/fix16_sqrt.c.obj
LOAD ace/CMakeFiles/ace.dir/src/fixmath/fix16_str.c.obj
LOAD ace/CMakeFiles/ace.dir/src/fixmath/fix16_trig.c.obj
LOAD ace/CMakeFiles/ace.dir/src/fixmath/fract32.c.obj
LOAD ace/CMakeFiles/ace.dir/src/fixmath/uint32.c.obj
LOAD ace/CMakeFiles/ace.dir/src/bartman/gcc8_a_support.s.obj
LOAD ace/CMakeFiles/ace.dir/src/bartman/gcc8_c_support.c.obj
LOAD ace/CMakeFiles/ace.dir/src/mini_std/ctype.c.obj
LOAD ace/CMakeFiles/ace.dir/src/mini_std/errno.c.obj
LOAD ace/CMakeFiles/ace.dir/src/mini_std/intrin.c.obj
LOAD ace/CMakeFiles/ace.dir/src/mini_std/printf.c.obj
LOAD ace/CMakeFiles/ace.dir/src/mini_std/stdio_file.c.obj
LOAD ace/CMakeFiles/ace.dir/src/mini_std/stdio_putchar.c.obj
LOAD ace/CMakeFiles/ace.dir/src/mini_std/stdlib.c.obj
LOAD ace/CMakeFiles/ace.dir/src/mini_std/string.c.obj
LOAD ace/CMakeFiles/ace.dir/src/mini_std/strtoul.c.obj
LOAD CMakeFiles/smite.elf.dir/src/smite.c.obj
                [!provide]                        PROVIDE (__executable_start = SEGMENT_START ("text-segment", 0x80000000))
                0x80000074                        . = (SEGMENT_START ("text-segment", 0x80000000) + SIZEOF_HEADERS)

.interp
 *(.interp)

.note.gnu.build-id
 *(.note.gnu.build-id)

.hash
 *(.hash)

.gnu.hash
 *(.gnu.hash)

.dynsym
 *(.dynsym)

.dynstr
 *(.dynstr)

.gnu.version
 *(.gnu.version)

.gnu.version_d
 *(.gnu.version_d)

.gnu.version_r
 *(.gnu.version_r)

.rela.dyn       0x80000074        0x0
 *(.rela.init)
 *(.rela.text .rela.text.* .rela.gnu.linkonce.t.*)
 *(.rela.fini)
 *(.rela.rodata .rela.rodata.* .rela.gnu.linkonce.r.*)
 *(.rela.data .rela.data.* .rela.gnu.linkonce.d.*)
 *(.rela.tdata .rela.tdata.* .rela.gnu.linkonce.td.*)
 *(.rela.tbss .rela.tbss.* .rela.gnu.linkonce.tb.*)
 *(.rela.ctors)
 *(.rela.dtors)
 *(.rela.got)
 *(.rela.bss .rela.bss.* .rela.gnu.linkonce.b.*)
                [!provide]                        PROVIDE (__rela_iplt_start = .)
 *(.rela.iplt)
                [!provide]                        PROVIDE (__rela_iplt_end = .)

.rela.plt
 *(.rela.plt)

.init
 *(SORT_NONE(.init))

.plt
 *(.plt)

.iplt
 *(.iplt)

.text           0x00000000     0x4f24
 *(.text.unlikely .text.*_unlikely .text.unlikely.*)
 .text.unlikely
                0x00000000       0xb8 ace/CMakeFiles/ace.dir/src/bartman/gcc8_c_support.c.obj
                0x00000000                _start
 *(.text.exit .text.exit.*)
 .text.exit     0x000000b8       0x1e ace/CMakeFiles/ace.dir/src/mini_std/stdlib.c.obj
                0x000000b8                exit
 *(.text.startup .text.startup.*)
 *(.text.hot .text.hot.*)
 *(SORT_BY_NAME(.text.sorted.*))
 *(.text .stub .text.* .gnu.linkonce.t.*)
 .text.blitManagerCreate
                0x000000d6       0x14 ace/CMakeFiles/ace.dir/src/ace/managers/blit.c.obj
                0x000000d6                blitManagerCreate
 .text.blitManagerDestroy
                0x000000ea       0x12 ace/CMakeFiles/ace.dir/src/ace/managers/blit.c.obj
                0x000000ea                blitManagerDestroy
 .text.copCreate
                0x000000fc       0x4a ace/CMakeFiles/ace.dir/src/ace/managers/copper.c.obj
                0x000000fc                copCreate
 .text.copDestroy
                0x00000146       0x42 ace/CMakeFiles/ace.dir/src/ace/managers/copper.c.obj
                0x00000146                copDestroy
 .text.copSwapBuffers
                0x00000188       0x46 ace/CMakeFiles/ace.dir/src/ace/managers/copper.c.obj
                0x00000188                copSwapBuffers
 .text.copListCreate
                0x000001ce      0x1f0 ace/CMakeFiles/ace.dir/src/ace/managers/copper.c.obj
                0x000001ce                copListCreate
 .text.copListDestroy
                0x000003be       0xce ace/CMakeFiles/ace.dir/src/ace/managers/copper.c.obj
                0x000003be                copListDestroy
 .text.copBlockDestroy
                0x0000048c       0xb0 ace/CMakeFiles/ace.dir/src/ace/managers/copper.c.obj
                0x0000048c                copBlockDestroy
 .text.copBfrRealloc
                0x0000053c       0xf6 ace/CMakeFiles/ace.dir/src/ace/managers/copper.c.obj
                0x0000053c                copBfrRealloc
 .text.copReorderBlocks
                0x00000632       0xc0 ace/CMakeFiles/ace.dir/src/ace/managers/copper.c.obj
                0x00000632                copReorderBlocks
 .text.copUpdateFromBlocks
                0x000006f2      0x224 ace/CMakeFiles/ace.dir/src/ace/managers/copper.c.obj
                0x000006f2                copUpdateFromBlocks
 .text.copProcessBlocks
                0x00000916       0x8a ace/CMakeFiles/ace.dir/src/ace/managers/copper.c.obj
                0x00000916                copProcessBlocks
 .text.copSetWait
                0x000009a0       0x8e ace/CMakeFiles/ace.dir/src/ace/managers/copper.c.obj
                0x000009a0                copSetWait
 .text.gameIsRunning
                0x00000a2e        0x8 ace/CMakeFiles/ace.dir/src/ace/managers/game.c.obj
                0x00000a2e                gameIsRunning
 .text.keyIntSetState
                0x00000a36       0x38 ace/CMakeFiles/ace.dir/src/ace/managers/key.c.obj
 .text.keyIntServer
                0x00000a6e       0xe8 ace/CMakeFiles/ace.dir/src/ace/managers/key.c.obj
                0x00000a6e                keyIntServer
 .text.keyCreate
                0x00000b56       0x20 ace/CMakeFiles/ace.dir/src/ace/managers/key.c.obj
                0x00000b56                keyCreate
 .text.keyDestroy
                0x00000b76       0x18 ace/CMakeFiles/ace.dir/src/ace/managers/key.c.obj
                0x00000b76                keyDestroy
 .text.keyProcess
                0x00000b8e        0x4 ace/CMakeFiles/ace.dir/src/ace/managers/key.c.obj
                0x00000b8e                keyProcess
 .text._memAllocRls
                0x00000b92       0x88 ace/CMakeFiles/ace.dir/src/ace/managers/memory.c.obj
                0x00000b92                _memAllocRls
 .text._memFreeRls
                0x00000c1a       0x38 ace/CMakeFiles/ace.dir/src/ace/managers/memory.c.obj
                0x00000c1a                _memFreeRls
 .text.mouseSetBounds
                0x00000c52       0xaa ace/CMakeFiles/ace.dir/src/ace/managers/mouse.c.obj
 .text.mouseSetButton
                0x00000cfc       0x4c ace/CMakeFiles/ace.dir/src/ace/managers/mouse.c.obj
 .text.mouseCheck
                0x00000d48       0x44 ace/CMakeFiles/ace.dir/src/ace/managers/mouse.c.obj
 .text.mouseMoveBy
                0x00000d8c      0x11c ace/CMakeFiles/ace.dir/src/ace/managers/mouse.c.obj
 .text.mouseResetPos
                0x00000ea8       0xaa ace/CMakeFiles/ace.dir/src/ace/managers/mouse.c.obj
 .text.mouseCreate
                0x00000f52       0xd8 ace/CMakeFiles/ace.dir/src/ace/managers/mouse.c.obj
                0x00000f52                mouseCreate
 .text.mouseDestroy
                0x0000102a       0x14 ace/CMakeFiles/ace.dir/src/ace/managers/mouse.c.obj
                0x0000102a                mouseDestroy
 .text.mouseProcessPort
                0x0000103e      0x1f4 ace/CMakeFiles/ace.dir/src/ace/managers/mouse.c.obj
 .text.mouseProcess
                0x00001232      0x130 ace/CMakeFiles/ace.dir/src/ace/managers/mouse.c.obj
                0x00001232                mouseProcess
 .text.clearAudioDone
                0x00001362       0x24 ace/CMakeFiles/ace.dir/src/ace/managers/ptplayer.c.obj
 .text.setAudioDone
                0x00001386        0x4 ace/CMakeFiles/ace.dir/src/ace/managers/ptplayer.c.obj
 .text.isChannelDone
                0x0000138a       0x46 ace/CMakeFiles/ace.dir/src/ace/managers/ptplayer.c.obj
 .text.printVoices
                0x000013d0        0x4 ace/CMakeFiles/ace.dir/src/ace/managers/ptplayer.c.obj
 .text.findPeriod
                0x000013d4       0x3c ace/CMakeFiles/ace.dir/src/ace/managers/ptplayer.c.obj
 .text.ptSongStep
                0x00001410       0x70 ace/CMakeFiles/ace.dir/src/ace/managers/ptplayer.c.obj
 .text.startSfx
                0x00001480      0x104 ace/CMakeFiles/ace.dir/src/ace/managers/ptplayer.c.obj
 .text.moreBlockedFx
                0x00001584       0x50 ace/CMakeFiles/ace.dir/src/ace/managers/ptplayer.c.obj
                0x00001584                moreBlockedFx
 .text.mt_updatefunk
                0x000015d4       0xae ace/CMakeFiles/ace.dir/src/ace/managers/ptplayer.c.obj
 .text.checkmorefx
                0x00001682       0x60 ace/CMakeFiles/ace.dir/src/ace/managers/ptplayer.c.obj
 .text.mt_playvoice
                0x000016e2      0x38e ace/CMakeFiles/ace.dir/src/ace/managers/ptplayer.c.obj
 .text.mt_checkfx
                0x00001a70      0x148 ace/CMakeFiles/ace.dir/src/ace/managers/ptplayer.c.obj
 .text.intPlay  0x00001bb8       0x1a ace/CMakeFiles/ace.dir/src/ace/managers/ptplayer.c.obj
 .text.mt_TimerAInt
                0x00001bd2        0xa ace/CMakeFiles/ace.dir/src/ace/managers/ptplayer.c.obj
 .text.ptplayerEnableMainHandler
                0x00001bdc       0x42 ace/CMakeFiles/ace.dir/src/ace/managers/ptplayer.c.obj
 .text.setChannelRepeat
                0x00001c1e       0x40 ace/CMakeFiles/ace.dir/src/ace/managers/ptplayer.c.obj
 .text.intSetRep
                0x00001c5e       0x9e ace/CMakeFiles/ace.dir/src/ace/managers/ptplayer.c.obj
 .text.intDmaOn
                0x00001cfc       0x40 ace/CMakeFiles/ace.dir/src/ace/managers/ptplayer.c.obj
 .text.mt_TimerBInt
                0x00001d3c       0x3a ace/CMakeFiles/ace.dir/src/ace/managers/ptplayer.c.obj
 .text.chan_sfx_only
                0x00001d76       0x56 ace/CMakeFiles/ace.dir/src/ace/managers/ptplayer.c.obj
 .text.mt_sfxonly
                0x00001dcc       0xa2 ace/CMakeFiles/ace.dir/src/ace/managers/ptplayer.c.obj
 .text.mt_music
                0x00001e6e      0x312 ace/CMakeFiles/ace.dir/src/ace/managers/ptplayer.c.obj
 .text.resetChannel
                0x00002180       0x40 ace/CMakeFiles/ace.dir/src/ace/managers/ptplayer.c.obj
 .text.ptplayerStop
                0x000021c0       0xae ace/CMakeFiles/ace.dir/src/ace/managers/ptplayer.c.obj
                0x000021c0                ptplayerStop
 .text.setTempo
                0x0000226e       0x46 ace/CMakeFiles/ace.dir/src/ace/managers/ptplayer.c.obj
 .text.mt_reset
                0x000022b4       0xee ace/CMakeFiles/ace.dir/src/ace/managers/ptplayer.c.obj
 .text.ptplayerDestroy
                0x000023a2       0x34 ace/CMakeFiles/ace.dir/src/ace/managers/ptplayer.c.obj
                0x000023a2                ptplayerDestroy
 .text.ptplayerCreate
                0x000023d6       0xaa ace/CMakeFiles/ace.dir/src/ace/managers/ptplayer.c.obj
                0x000023d6                ptplayerCreate
 .text.ptplayerSetPal
                0x00002480       0x38 ace/CMakeFiles/ace.dir/src/ace/managers/ptplayer.c.obj
                0x00002480                ptplayerSetPal
 .text.mt_toneporta_nc
                0x000024b8      0x124 ace/CMakeFiles/ace.dir/src/ace/managers/ptplayer.c.obj
 .text.mt_vibrato_nc
                0x000025dc       0xac ace/CMakeFiles/ace.dir/src/ace/managers/ptplayer.c.obj
 .text.mt_nop   0x00002688       0x12 ace/CMakeFiles/ace.dir/src/ace/managers/ptplayer.c.obj
 .text.mt_arpeggio
                0x0000269a       0x9c ace/CMakeFiles/ace.dir/src/ace/managers/ptplayer.c.obj
 .text.ptDoPortaUp
                0x00002736       0x44 ace/CMakeFiles/ace.dir/src/ace/managers/ptplayer.c.obj
 .text.mt_portaup
                0x0000277a       0x2c ace/CMakeFiles/ace.dir/src/ace/managers/ptplayer.c.obj
 .text.ptDoPortaDn
                0x000027a6       0x48 ace/CMakeFiles/ace.dir/src/ace/managers/ptplayer.c.obj
 .text.mt_portadown
                0x000027ee       0x2c ace/CMakeFiles/ace.dir/src/ace/managers/ptplayer.c.obj
 .text.mt_toneporta
                0x0000281a       0x3a ace/CMakeFiles/ace.dir/src/ace/managers/ptplayer.c.obj
 .text.mt_vibrato
                0x00002854       0x74 ace/CMakeFiles/ace.dir/src/ace/managers/ptplayer.c.obj
 .text.ptVolSlide
                0x000028c8       0x66 ace/CMakeFiles/ace.dir/src/ace/managers/ptplayer.c.obj
 .text.mt_volumeslide
                0x0000292e       0x7c ace/CMakeFiles/ace.dir/src/ace/managers/ptplayer.c.obj
 .text.mt_tonevolslide
                0x000029aa       0x3c ace/CMakeFiles/ace.dir/src/ace/managers/ptplayer.c.obj
 .text.mt_vibrvolslide
                0x000029e6       0x5e ace/CMakeFiles/ace.dir/src/ace/managers/ptplayer.c.obj
 .text.mt_tremolo
                0x00002a44      0x122 ace/CMakeFiles/ace.dir/src/ace/managers/ptplayer.c.obj
 .text.mt_e_cmds
                0x00002b66       0x4e ace/CMakeFiles/ace.dir/src/ace/managers/ptplayer.c.obj
 .text.mt_posjump
                0x00002bb4       0x2c ace/CMakeFiles/ace.dir/src/ace/managers/ptplayer.c.obj
 .text.mt_patternbrk
                0x00002be0       0x68 ace/CMakeFiles/ace.dir/src/ace/managers/ptplayer.c.obj
 .text.blocked_e_cmds
                0x00002c48       0x4e ace/CMakeFiles/ace.dir/src/ace/managers/ptplayer.c.obj
 .text.mt_setspeed
                0x00002c96       0x3c ace/CMakeFiles/ace.dir/src/ace/managers/ptplayer.c.obj
 .text.mt_pernop
                0x00002cd2       0x22 ace/CMakeFiles/ace.dir/src/ace/managers/ptplayer.c.obj
 .text.mt_volchange
                0x00002cf4       0x40 ace/CMakeFiles/ace.dir/src/ace/managers/ptplayer.c.obj
 .text.mt_sampleoffset
                0x00002d34       0x76 ace/CMakeFiles/ace.dir/src/ace/managers/ptplayer.c.obj
 .text.mt_filter
                0x00002daa       0x48 ace/CMakeFiles/ace.dir/src/ace/managers/ptplayer.c.obj
 .text.mt_fineportaup
                0x00002df2       0x34 ace/CMakeFiles/ace.dir/src/ace/managers/ptplayer.c.obj
 .text.mt_fineportadn
                0x00002e26       0x34 ace/CMakeFiles/ace.dir/src/ace/managers/ptplayer.c.obj
 .text.mt_glissctrl
                0x00002e5a       0x1c ace/CMakeFiles/ace.dir/src/ace/managers/ptplayer.c.obj
 .text.mt_vibratoctrl
                0x00002e76       0x1c ace/CMakeFiles/ace.dir/src/ace/managers/ptplayer.c.obj
 .text.mt_finetune
                0x00002e92       0x40 ace/CMakeFiles/ace.dir/src/ace/managers/ptplayer.c.obj
 .text.mt_jumploop
                0x00002ed2       0x7e ace/CMakeFiles/ace.dir/src/ace/managers/ptplayer.c.obj
 .text.mt_tremoctrl
                0x00002f50       0x1c ace/CMakeFiles/ace.dir/src/ace/managers/ptplayer.c.obj
 .text.mt_e8    0x00002f6c       0x1a ace/CMakeFiles/ace.dir/src/ace/managers/ptplayer.c.obj
 .text.ptDoRetrigger
                0x00002f86       0x54 ace/CMakeFiles/ace.dir/src/ace/managers/ptplayer.c.obj
 .text.mt_retrignote
                0x00002fda       0x7a ace/CMakeFiles/ace.dir/src/ace/managers/ptplayer.c.obj
 .text.mt_volfineup
                0x00003054       0x40 ace/CMakeFiles/ace.dir/src/ace/managers/ptplayer.c.obj
 .text.mt_volfinedn
                0x00003094       0x40 ace/CMakeFiles/ace.dir/src/ace/managers/ptplayer.c.obj
 .text.mt_notecut
                0x000030d4       0x30 ace/CMakeFiles/ace.dir/src/ace/managers/ptplayer.c.obj
 .text.mt_notedelay
                0x00003104       0x46 ace/CMakeFiles/ace.dir/src/ace/managers/ptplayer.c.obj
 .text.mt_patterndelay
                0x0000314a       0x2e ace/CMakeFiles/ace.dir/src/ace/managers/ptplayer.c.obj
 .text.mt_funk  0x00003178       0x3a ace/CMakeFiles/ace.dir/src/ace/managers/ptplayer.c.obj
 .text.set_period
                0x000031b2      0x144 ace/CMakeFiles/ace.dir/src/ace/managers/ptplayer.c.obj
 .text.set_finetune
                0x000032f6       0x94 ace/CMakeFiles/ace.dir/src/ace/managers/ptplayer.c.obj
 .text.set_sampleoffset
                0x0000338a       0x78 ace/CMakeFiles/ace.dir/src/ace/managers/ptplayer.c.obj
 .text.set_toneporta
                0x00003402       0xbe ace/CMakeFiles/ace.dir/src/ace/managers/ptplayer.c.obj
 .text.ptplayerProcess
                0x000034c0        0x4 ace/CMakeFiles/ace.dir/src/ace/managers/ptplayer.c.obj
                0x000034c0                ptplayerProcess
 .text.ptplayerEnableMusic
                0x000034c4       0x22 ace/CMakeFiles/ace.dir/src/ace/managers/ptplayer.c.obj
                0x000034c4                ptplayerEnableMusic
 .text.stateManagerCreate
                0x000034e6       0x1c ace/CMakeFiles/ace.dir/src/ace/managers/state.c.obj
                0x000034e6                stateManagerCreate
 .text.stateManagerDestroy
                0x00003502       0x20 ace/CMakeFiles/ace.dir/src/ace/managers/state.c.obj
                0x00003502                stateManagerDestroy
 .text.statePopAll
                0x00003522       0x38 ace/CMakeFiles/ace.dir/src/ace/managers/state.c.obj
                0x00003522                statePopAll
 .text.stateChange
                0x0000355a       0x6c ace/CMakeFiles/ace.dir/src/ace/managers/state.c.obj
                0x0000355a                stateChange
 .text.stateProcess
                0x000035c6       0x24 ace/CMakeFiles/ace.dir/src/ace/managers/state.c.obj
                0x000035c6                stateProcess
 .text.keyReset
                0x000035ea       0x2e ace/CMakeFiles/ace.dir/src/ace/managers/system.c.obj
 .text.int1Handler
                0x00003618        0x4 ace/CMakeFiles/ace.dir/src/ace/managers/system.c.obj
 .text.int2Handler
                0x0000361c       0xaa ace/CMakeFiles/ace.dir/src/ace/managers/system.c.obj
 .text.int3Handler
                0x000036c6       0xda ace/CMakeFiles/ace.dir/src/ace/managers/system.c.obj
 .text.int4Handler
                0x000037a0      0x110 ace/CMakeFiles/ace.dir/src/ace/managers/system.c.obj
 .text.int5Handler
                0x000038b0        0x4 ace/CMakeFiles/ace.dir/src/ace/managers/system.c.obj
 .text.int6Handler
                0x000038b4       0xe4 ace/CMakeFiles/ace.dir/src/ace/managers/system.c.obj
 .text.int7Handler
                0x00003998        0x4 ace/CMakeFiles/ace.dir/src/ace/managers/system.c.obj
 .text.msgPortCreate
                0x0000399c       0xf4 ace/CMakeFiles/ace.dir/src/ace/managers/system.c.obj
 .text.msgPortDelete
                0x00003a90       0x60 ace/CMakeFiles/ace.dir/src/ace/managers/system.c.obj
 .text.audioChannelAlloc
                0x00003af0      0x118 ace/CMakeFiles/ace.dir/src/ace/managers/system.c.obj
 .text.audioChannelFree
                0x00003c08       0x7a ace/CMakeFiles/ace.dir/src/ace/managers/system.c.obj
                0x00003c08                audioChannelFree
 .text.systemFlushIo
                0x00003c82      0x12e ace/CMakeFiles/ace.dir/src/ace/managers/system.c.obj
 .text.systemKill
                0x00003db0       0xdc ace/CMakeFiles/ace.dir/src/ace/managers/system.c.obj
                0x00003db0                systemKill
 .text.systemCreate
                0x00003e8c      0x288 ace/CMakeFiles/ace.dir/src/ace/managers/system.c.obj
                0x00003e8c                systemCreate
 .text.systemDestroy
                0x00004114       0xf6 ace/CMakeFiles/ace.dir/src/ace/managers/system.c.obj
                0x00004114                systemDestroy
 .text.systemUnuse
                0x0000420a      0x34e ace/CMakeFiles/ace.dir/src/ace/managers/system.c.obj
                0x0000420a                systemUnuse
 .text.systemUse
                0x00004558      0x21a ace/CMakeFiles/ace.dir/src/ace/managers/system.c.obj
                0x00004558                systemUse
 .text.systemGetBlitterFromOs
                0x00004772       0x36 ace/CMakeFiles/ace.dir/src/ace/managers/system.c.obj
                0x00004772                systemGetBlitterFromOs
 .text.systemReleaseBlitterToOs
                0x000047a8       0x36 ace/CMakeFiles/ace.dir/src/ace/managers/system.c.obj
                0x000047a8                systemReleaseBlitterToOs
 .text.systemSetCiaInt
                0x000047de       0x8a ace/CMakeFiles/ace.dir/src/ace/managers/system.c.obj
                0x000047de                systemSetCiaInt
 .text.systemSetCiaCr
                0x00004868       0x9e ace/CMakeFiles/ace.dir/src/ace/managers/system.c.obj
                0x00004868                systemSetCiaCr
 .text.systemSetDmaBit
                0x00004906       0x42 ace/CMakeFiles/ace.dir/src/ace/managers/system.c.obj
                0x00004906                systemSetDmaBit
 .text.systemSetDmaMask
                0x00004948       0xb0 ace/CMakeFiles/ace.dir/src/ace/managers/system.c.obj
                0x00004948                systemSetDmaMask
 .text.systemSetTimer
                0x000049f8       0xb8 ace/CMakeFiles/ace.dir/src/ace/managers/system.c.obj
                0x000049f8                systemSetTimer
 .text.systemCheckStack
                0x00004ab0       0x2e ace/CMakeFiles/ace.dir/src/ace/managers/system.c.obj
                0x00004ab0                systemCheckStack
 .text.timerCreate
                0x00004ade        0xc ace/CMakeFiles/ace.dir/src/ace/managers/timer.c.obj
                0x00004ade                timerCreate
 .text.timerDestroy
                0x00004aea        0x4 ace/CMakeFiles/ace.dir/src/ace/managers/timer.c.obj
                0x00004aea                timerDestroy
 .text.timerGet
                0x00004aee       0x10 ace/CMakeFiles/ace.dir/src/ace/managers/timer.c.obj
                0x00004aee                timerGet
 .text.timerOnInterrupt
                0x00004afe       0x12 ace/CMakeFiles/ace.dir/src/ace/managers/timer.c.obj
                0x00004afe                timerOnInterrupt
 .text.timerProcess
                0x00004b10       0x64 ace/CMakeFiles/ace.dir/src/ace/managers/timer.c.obj
                0x00004b10                timerProcess
 .text.ciaGetTimerA
                0x00004b74       0x3a ace/CMakeFiles/ace.dir/src/ace/utils/custom.c.obj
                0x00004b74                ciaGetTimerA
 .text.ciaSetTimerA
                0x00004bae       0x2e ace/CMakeFiles/ace.dir/src/ace/utils/custom.c.obj
                0x00004bae                ciaSetTimerA
 .text.ciaGetTimerB
                0x00004bdc       0x3a ace/CMakeFiles/ace.dir/src/ace/utils/custom.c.obj
                0x00004bdc                ciaGetTimerB
 .text.ciaSetTimerB
                0x00004c16       0x2e ace/CMakeFiles/ace.dir/src/ace/utils/custom.c.obj
                0x00004c16                ciaSetTimerB
 .text.tagGet   0x00004c44       0x9c ace/CMakeFiles/ace.dir/src/ace/utils/tag.c.obj
                0x00004c44                tagGet
 .text          0x00004ce0      0x10c ace/CMakeFiles/ace.dir/src/bartman/gcc8_a_support.s.obj
                0x00004ce0                __mulsi3
                0x00004d02                __udivsi3
                0x00004d5e                __divsi3
                0x00004d88                __modsi3
                0x00004db0                __umodsi3
                0x00004dda                KPutCharX
                0x00004de8                PutChar
 .text.strlen   0x00004dec       0x20 ace/CMakeFiles/ace.dir/src/bartman/gcc8_c_support.c.obj
                0x00004dec                strlen
 .text.memset   0x00004e0c       0x30 ace/CMakeFiles/ace.dir/src/bartman/gcc8_c_support.c.obj
                0x00004e0c                memset
 .text.main     0x00004e3c       0x58 CMakeFiles/smite.elf.dir/src/smite.c.obj
                0x00004e3c                main
 .text.genericCreate
                0x00004e94       0x44 CMakeFiles/smite.elf.dir/src/smite.c.obj
                0x00004e94                genericCreate
 .text.genericProcess
                0x00004ed8       0x26 CMakeFiles/smite.elf.dir/src/smite.c.obj
                0x00004ed8                genericProcess
 .text.genericDestroy
                0x00004efe       0x26 CMakeFiles/smite.elf.dir/src/smite.c.obj
                0x00004efe                genericDestroy
 *(.gnu.warning)

.fini
 *(SORT_NONE(.fini))
                [!provide]                        PROVIDE (__etext = .)
                [!provide]                        PROVIDE (_etext = .)
                [!provide]                        PROVIDE (etext = .)

.rodata         0x00004f24     0x2386
 *(.rodata .rodata.* .gnu.linkonce.r.*)
 .rodata.mt_PeriodTables
                0x00004f24      0x480 ace/CMakeFiles/ace.dir/src/ace/managers/ptplayer.c.obj
 .rodata.MasterVolTab
                0x000053a4     0x1081 ace/CMakeFiles/ace.dir/src/ace/managers/ptplayer.c.obj
 .rodata.mt_FunkTable
                0x00006425       0x10 ace/CMakeFiles/ace.dir/src/ace/managers/ptplayer.c.obj
 .rodata.mt_VibratoSineTable
                0x00006435      0x400 ace/CMakeFiles/ace.dir/src/ace/managers/ptplayer.c.obj
 .rodata.mt_VibratoSawTable
                0x00006835      0x400 ace/CMakeFiles/ace.dir/src/ace/managers/ptplayer.c.obj
 .rodata.mt_VibratoRectTable
                0x00006c35      0x400 ace/CMakeFiles/ace.dir/src/ace/managers/ptplayer.c.obj
 *fill*         0x00007035        0x1 
 .rodata.fx_tab
                0x00007036       0x40 ace/CMakeFiles/ace.dir/src/ace/managers/ptplayer.c.obj
 .rodata.morefx_tab
                0x00007076       0x40 ace/CMakeFiles/ace.dir/src/ace/managers/ptplayer.c.obj
 .rodata.blmorefx_tab
                0x000070b6       0x40 ace/CMakeFiles/ace.dir/src/ace/managers/ptplayer.c.obj
 .rodata.ecmd_tab
                0x000070f6       0x40 ace/CMakeFiles/ace.dir/src/ace/managers/ptplayer.c.obj
 .rodata.blecmd_tab
                0x00007136       0x40 ace/CMakeFiles/ace.dir/src/ace/managers/ptplayer.c.obj
 .rodata.prefx_tab
                0x00007176       0x40 ace/CMakeFiles/ace.dir/src/ace/managers/ptplayer.c.obj
 .rodata.pArpTab.1
                0x000071b6       0x20 ace/CMakeFiles/ace.dir/src/ace/managers/ptplayer.c.obj
 .rodata.pMult10.0
                0x000071d6       0x10 ace/CMakeFiles/ace.dir/src/ace/managers/ptplayer.c.obj
 .rodata.s_pAceHwInterrupts
                0x000071e6       0x1c ace/CMakeFiles/ace.dir/src/ace/managers/system.c.obj
 .rodata        0x00007202       0x9b ace/CMakeFiles/ace.dir/src/ace/managers/system.c.obj
 *fill*         0x0000729d        0x1 
 .rodata.g_pCustom
                0x0000729e        0x4 ace/CMakeFiles/ace.dir/src/ace/utils/custom.c.obj
                0x0000729e                g_pCustom
 .rodata.g_pCia
                0x000072a2        0x8 ace/CMakeFiles/ace.dir/src/ace/utils/custom.c.obj
                0x000072a2                g_pCia

text            0x000072aa        0x6
 text           0x000072aa        0x6 ace/CMakeFiles/ace.dir/src/ace/managers/system.c.obj

.rodata1
 *(.rodata1)

.eh_frame_hdr
 *(.eh_frame_hdr)
 *(.eh_frame_entry .eh_frame_entry.*)

.eh_frame
 *(.eh_frame)
 *(.eh_frame.*)

.sframe
 *(.sframe)
 *(.sframe.*)

.gcc_except_table
 *(.gcc_except_table .gcc_except_table.*)

.gnu_extab
 *(.gnu_extab*)

.exception_ranges
 *(.exception_ranges*)
                0x000092b0                        . = DATA_SEGMENT_ALIGN (CONSTANT (MAXPAGESIZE), CONSTANT (COMMONPAGESIZE))

.eh_frame
 *(.eh_frame)
 *(.eh_frame.*)

.sframe
 *(.sframe)
 *(.sframe.*)

.gnu_extab
 *(.gnu_extab)

.gcc_except_table
 *(.gcc_except_table .gcc_except_table.*)

.exception_ranges
 *(.exception_ranges*)

.tdata          0x000092b0        0x0
                [!provide]                        PROVIDE (__tdata_start = .)
 *(.tdata .tdata.* .gnu.linkonce.td.*)

.tbss
 *(.tbss .tbss.* .gnu.linkonce.tb.*)
 *(.tcommon)

.preinit_array  0x000092b0        0x0
                0x000092b0                        PROVIDE (__preinit_array_start = .)
 *(.preinit_array)
                0x000092b0                        PROVIDE (__preinit_array_end = .)

.init_array     0x000092b0        0x0
                0x000092b0                        PROVIDE (__init_array_start = .)
 *(SORT_BY_INIT_PRIORITY(.init_array.*) SORT_BY_INIT_PRIORITY(.ctors.*))
 *(.init_array EXCLUDE_FILE(*crtend?.o *crtend.o *crtbegin?.o *crtbegin.o) .ctors)
                0x000092b0                        PROVIDE (__init_array_end = .)

.fini_array     0x000092b0        0x0
                0x000092b0                        PROVIDE (__fini_array_start = .)
 *(SORT_BY_INIT_PRIORITY(.fini_array.*) SORT_BY_INIT_PRIORITY(.dtors.*))
 *(.fini_array EXCLUDE_FILE(*crtend?.o *crtend.o *crtbegin?.o *crtbegin.o) .dtors)
                0x000092b0                        PROVIDE (__fini_array_end = .)

.ctors
 *crtbegin.o(.ctors)
 *crtbegin?.o(.ctors)
 *(EXCLUDE_FILE(*crtend?.o *crtend.o) .ctors)
 *(SORT_BY_NAME(.ctors.*))
 *(.ctors)

.dtors
 *crtbegin.o(.dtors)
 *crtbegin?.o(.dtors)
 *(EXCLUDE_FILE(*crtend?.o *crtend.o) .dtors)
 *(SORT_BY_NAME(.dtors.*))
 *(.dtors)

.jcr
 *(.jcr)

.data.rel.ro
 *(.data.rel.ro.local* .gnu.linkonce.d.rel.ro.local.*)
 *(.data.rel.ro .data.rel.ro.* .gnu.linkonce.d.rel.ro.*)

.dynamic
 *(.dynamic)
                0x000092b0                        . = DATA_SEGMENT_RELRO_END (., 0x0)

.got
 *(.got.plt)
 *(.igot.plt)
 *(.got)
 *(.igot)

.data           0x000092b0        0xc
 *(.data .data.* .gnu.linkonce.d.*)
 .data.s_isGameRunning
                0x000092b0        0x1 ace/CMakeFiles/ace.dir/src/ace/managers/game.c.obj
 *fill*         0x000092b1        0x1 
 .data.s_pAceCiaTimerA
                0x000092b2        0x4 ace/CMakeFiles/ace.dir/src/ace/managers/system.c.obj
 .data.s_pAceCiaTimerB
                0x000092b6        0x4 ace/CMakeFiles/ace.dir/src/ace/managers/system.c.obj
 .data.s_uwAceIntEna
                0x000092ba        0x2 ace/CMakeFiles/ace.dir/src/ace/managers/system.c.obj

.data1
 *(.data1)
                0x000092bc                        _edata = .
                [!provide]                        PROVIDE (edata = .)
                0x000092bc                        . = .
                0x000092bc                        __bss_start = .

.bss            0x000092bc      0x3e8
 *(.dynbss)
 *(.bss .bss.* .gnu.linkonce.b.*)
 .bss.g_sCopManager
                0x000092bc        0x8 ace/CMakeFiles/ace.dir/src/ace/managers/copper.c.obj
                0x000092bc                g_sCopManager
 .bss.g_sKeyManager
                0x000092c4       0x69 ace/CMakeFiles/ace.dir/src/ace/managers/key.c.obj
                0x000092c4                g_sKeyManager
 *fill*         0x0000932d        0x1 
 .bss.g_sMouseManager
                0x0000932e       0x3a ace/CMakeFiles/ace.dir/src/ace/managers/mouse.c.obj
                0x0000932e                g_sMouseManager
 .bss.s_isRepeat
                0x00009368        0x1 ace/CMakeFiles/ace.dir/src/ace/managers/ptplayer.c.obj
 *fill*         0x00009369        0x1 
 .bss.s_cbSongEnd
                0x0000936a        0x4 ace/CMakeFiles/ace.dir/src/ace/managers/ptplayer.c.obj
 .bss.s_isPal   0x0000936e        0x1 ace/CMakeFiles/ace.dir/src/ace/managers/ptplayer.c.obj
 .bss.mt_E8Trigger
                0x0000936f        0x1 ace/CMakeFiles/ace.dir/src/ace/managers/ptplayer.c.obj
 .bss.mt_Enable
                0x00009370        0x1 ace/CMakeFiles/ace.dir/src/ace/managers/ptplayer.c.obj
 .bss.s_isNextTimerBSetRep
                0x00009371        0x1 ace/CMakeFiles/ace.dir/src/ace/managers/ptplayer.c.obj
 .bss.mt_chan   0x00009372      0x120 ace/CMakeFiles/ace.dir/src/ace/managers/ptplayer.c.obj
 .bss.mt_SampleStarts
                0x00009492       0x7c ace/CMakeFiles/ace.dir/src/ace/managers/ptplayer.c.obj
 .bss.mt_mod    0x0000950e        0x4 ace/CMakeFiles/ace.dir/src/ace/managers/ptplayer.c.obj
 .bss.mt_timerval
                0x00009512        0x4 ace/CMakeFiles/ace.dir/src/ace/managers/ptplayer.c.obj
 .bss.mt_MasterVolTab
                0x00009516        0x4 ace/CMakeFiles/ace.dir/src/ace/managers/ptplayer.c.obj
 .bss.mt_PatternPos
                0x0000951a        0x2 ace/CMakeFiles/ace.dir/src/ace/managers/ptplayer.c.obj
 .bss.mt_PBreakPos
                0x0000951c        0x2 ace/CMakeFiles/ace.dir/src/ace/managers/ptplayer.c.obj
 .bss.mt_PosJumpFlag
                0x0000951e        0x1 ace/CMakeFiles/ace.dir/src/ace/managers/ptplayer.c.obj
 .bss.mt_PBreakFlag
                0x0000951f        0x1 ace/CMakeFiles/ace.dir/src/ace/managers/ptplayer.c.obj
 .bss.mt_Speed  0x00009520        0x1 ace/CMakeFiles/ace.dir/src/ace/managers/ptplayer.c.obj
 .bss.mt_Counter
                0x00009521        0x1 ace/CMakeFiles/ace.dir/src/ace/managers/ptplayer.c.obj
 .bss.mt_SongPos
                0x00009522        0x1 ace/CMakeFiles/ace.dir/src/ace/managers/ptplayer.c.obj
 .bss.mt_PattDelTime
                0x00009523        0x1 ace/CMakeFiles/ace.dir/src/ace/managers/ptplayer.c.obj
 .bss.mt_PattDelTime2
                0x00009524        0x1 ace/CMakeFiles/ace.dir/src/ace/managers/ptplayer.c.obj
 .bss.mt_SilCntValid
                0x00009525        0x1 ace/CMakeFiles/ace.dir/src/ace/managers/ptplayer.c.obj
 .bss.mt_dmaon  0x00009526        0x2 ace/CMakeFiles/ace.dir/src/ace/managers/ptplayer.c.obj
 .bss.s_pModCurr
                0x00009528        0x4 ace/CMakeFiles/ace.dir/src/ace/managers/ptplayer.c.obj
 .bss.s_uwOsIntEna
                0x0000952c        0x2 ace/CMakeFiles/ace.dir/src/ace/managers/system.c.obj
 .bss.s_uwOsDmaCon
                0x0000952e        0x2 ace/CMakeFiles/ace.dir/src/ace/managers/system.c.obj
 .bss.s_uwAceDmaCon
                0x00009530        0x2 ace/CMakeFiles/ace.dir/src/ace/managers/system.c.obj
 .bss.s_uwOsInitialDma
                0x00009532        0x2 ace/CMakeFiles/ace.dir/src/ace/managers/system.c.obj
 .bss.s_pOsCiaTimerA
                0x00009534        0x4 ace/CMakeFiles/ace.dir/src/ace/managers/system.c.obj
 .bss.s_pOsCiaTimerB
                0x00009538        0x4 ace/CMakeFiles/ace.dir/src/ace/managers/system.c.obj
 .bss.s_pOsCiaIcr
                0x0000953c        0x2 ace/CMakeFiles/ace.dir/src/ace/managers/system.c.obj
 .bss.s_pOsCiaCra
                0x0000953e        0x2 ace/CMakeFiles/ace.dir/src/ace/managers/system.c.obj
 .bss.s_pOsCiaCrb
                0x00009540        0x2 ace/CMakeFiles/ace.dir/src/ace/managers/system.c.obj
 .bss.s_pAceCiaCra
                0x00009542        0x2 ace/CMakeFiles/ace.dir/src/ace/managers/system.c.obj
 .bss.s_pAceCiaCrb
                0x00009544        0x2 ace/CMakeFiles/ace.dir/src/ace/managers/system.c.obj
 .bss.s_pHwVectors
                0x00009546        0x4 ace/CMakeFiles/ace.dir/src/ace/managers/system.c.obj
 .bss.s_pOsHwInterrupts
                0x0000954a       0x1c ace/CMakeFiles/ace.dir/src/ace/managers/system.c.obj
 .bss.s_pAceInterrupts
                0x00009566       0x78 ace/CMakeFiles/ace.dir/src/ace/managers/system.c.obj
 .bss.s_pAceCiaInterrupts
                0x000095de       0x50 ace/CMakeFiles/ace.dir/src/ace/managers/system.c.obj
 .bss.s_wSystemUses
                0x0000962e        0x2 ace/CMakeFiles/ace.dir/src/ace/managers/system.c.obj
 .bss.s_wSystemBlitterUses
                0x00009630        0x2 ace/CMakeFiles/ace.dir/src/ace/managers/system.c.obj
 .bss.GfxBase   0x00009632        0x4 ace/CMakeFiles/ace.dir/src/ace/managers/system.c.obj
                0x00009632                GfxBase
 .bss.s_pOsView
                0x00009636        0x4 ace/CMakeFiles/ace.dir/src/ace/managers/system.c.obj
                0x00009636                s_pOsView
 .bss.s_sIoAudio
                0x0000963a       0x44 ace/CMakeFiles/ace.dir/src/ace/managers/system.c.obj
 .bss.s_pCiaResource
                0x0000967e        0x8 ace/CMakeFiles/ace.dir/src/ace/managers/system.c.obj
 .bss.s_pProcess
                0x00009686        0x4 ace/CMakeFiles/ace.dir/src/ace/managers/system.c.obj
 .bss.DOSBase   0x0000968a        0x4 ace/CMakeFiles/ace.dir/src/ace/managers/system.c.obj
                0x0000968a                DOSBase
 .bss.SysBase   0x0000968e        0x4 ace/CMakeFiles/ace.dir/src/ace/managers/system.c.obj
                0x0000968e                SysBase
 .bss.g_sTimerManager
                0x00009692        0xc ace/CMakeFiles/ace.dir/src/ace/managers/timer.c.obj
                0x00009692                g_sTimerManager
 .bss.g_pStateMachineGame
                0x0000969e        0x4 CMakeFiles/smite.elf.dir/src/smite.c.obj
                0x0000969e                g_pStateMachineGame
 *(COMMON)
                0x000096a4                        . = ALIGN ((. != 0x0)?0x4:0x1)
 *fill*         0x000096a2        0x2 
                0x000096a4                        . = ALIGN (0x4)
                0x000096a4                        . = SEGMENT_START ("ldata-segment", .)
                0x000096a4                        . = ALIGN (0x4)
                0x000096a4                        _end = .
                [!provide]                        PROVIDE (end = .)
                0x000096a4                        . = DATA_SEGMENT_END (.)

.stab
 *(.stab)

.stabstr
 *(.stabstr)

.stab.excl
 *(.stab.excl)

.stab.exclstr
 *(.stab.exclstr)

.stab.index
 *(.stab.index)

.stab.indexstr
 *(.stab.indexstr)

.comment        0x00000000       0x12
 *(.comment)
 .comment       0x00000000       0x12 ace/CMakeFiles/ace.dir/src/ace/managers/blit.c.obj
                                 0x13 (size before relaxing)
 .comment       0x00000012       0x13 ace/CMakeFiles/ace.dir/src/ace/managers/copper.c.obj
 .comment       0x00000012       0x13 ace/CMakeFiles/ace.dir/src/ace/managers/game.c.obj
 .comment       0x00000012       0x13 ace/CMakeFiles/ace.dir/src/ace/managers/key.c.obj
 .comment       0x00000012       0x13 ace/CMakeFiles/ace.dir/src/ace/managers/memory.c.obj
 .comment       0x00000012       0x13 ace/CMakeFiles/ace.dir/src/ace/managers/mouse.c.obj
 .comment       0x00000012       0x13 ace/CMakeFiles/ace.dir/src/ace/managers/ptplayer.c.obj
 .comment       0x00000012       0x13 ace/CMakeFiles/ace.dir/src/ace/managers/state.c.obj
 .comment       0x00000012       0x13 ace/CMakeFiles/ace.dir/src/ace/managers/system.c.obj
 .comment       0x00000012       0x13 ace/CMakeFiles/ace.dir/src/ace/managers/timer.c.obj
 .comment       0x00000012       0x13 ace/CMakeFiles/ace.dir/src/ace/utils/custom.c.obj
 .comment       0x00000012       0x13 ace/CMakeFiles/ace.dir/src/ace/utils/tag.c.obj
 .comment       0x00000012       0x13 ace/CMakeFiles/ace.dir/src/bartman/gcc8_c_support.c.obj
 .comment       0x00000012       0x13 ace/CMakeFiles/ace.dir/src/mini_std/stdlib.c.obj
 .comment       0x00000012       0x13 CMakeFiles/smite.elf.dir/src/smite.c.obj

.gnu.build.attributes
 *(.gnu.build.attributes .gnu.build.attributes.*)

.debug
 *(.debug)

.line
 *(.line)

.debug_srcinfo
 *(.debug_srcinfo)

.debug_sfnames
 *(.debug_sfnames)

.debug_aranges  0x00000000      0x990
 *(.debug_aranges)
 .debug_aranges
                0x00000000       0x88 ace/CMakeFiles/ace.dir/src/ace/managers/blit.c.obj
 .debug_aranges
                0x00000088       0xc0 ace/CMakeFiles/ace.dir/src/ace/managers/copper.c.obj
 .debug_aranges
                0x00000148       0x28 ace/CMakeFiles/ace.dir/src/ace/managers/game.c.obj
 .debug_aranges
                0x00000170       0x58 ace/CMakeFiles/ace.dir/src/ace/managers/key.c.obj
 .debug_aranges
                0x000001c8       0x80 ace/CMakeFiles/ace.dir/src/ace/managers/memory.c.obj
 .debug_aranges
                0x00000248       0x60 ace/CMakeFiles/ace.dir/src/ace/managers/mouse.c.obj
 .debug_aranges
                0x000002a8      0x330 ace/CMakeFiles/ace.dir/src/ace/managers/ptplayer.c.obj
 .debug_aranges
                0x000005d8       0x60 ace/CMakeFiles/ace.dir/src/ace/managers/state.c.obj
 .debug_aranges
                0x00000638      0x128 ace/CMakeFiles/ace.dir/src/ace/managers/system.c.obj
 .debug_aranges
                0x00000760       0x70 ace/CMakeFiles/ace.dir/src/ace/managers/timer.c.obj
 .debug_aranges
                0x000007d0       0x40 ace/CMakeFiles/ace.dir/src/ace/utils/custom.c.obj
 .debug_aranges
                0x00000810       0x20 ace/CMakeFiles/ace.dir/src/ace/utils/tag.c.obj
 .debug_aranges
                0x00000830       0x20 ace/CMakeFiles/ace.dir/src/bartman/gcc8_a_support.s.obj
 .debug_aranges
                0x00000850       0xa8 ace/CMakeFiles/ace.dir/src/bartman/gcc8_c_support.c.obj
 .debug_aranges
                0x000008f8       0x58 ace/CMakeFiles/ace.dir/src/mini_std/stdlib.c.obj
 .debug_aranges
                0x00000950       0x40 CMakeFiles/smite.elf.dir/src/smite.c.obj

.debug_pubnames
 *(.debug_pubnames)

.debug_info     0x00000000    0x151bb
 *(.debug_info .gnu.linkonce.wi.*)
 .debug_info    0x00000000     0x1742 ace/CMakeFiles/ace.dir/src/ace/managers/blit.c.obj
 .debug_info    0x00001742     0x2a22 ace/CMakeFiles/ace.dir/src/ace/managers/copper.c.obj
 .debug_info    0x00004164      0x1ea ace/CMakeFiles/ace.dir/src/ace/managers/game.c.obj
 .debug_info    0x0000434e     0x116f ace/CMakeFiles/ace.dir/src/ace/managers/key.c.obj
 .debug_info    0x000054bd      0xad0 ace/CMakeFiles/ace.dir/src/ace/managers/memory.c.obj
 .debug_info    0x00005f8d     0x1279 ace/CMakeFiles/ace.dir/src/ace/managers/mouse.c.obj
 .debug_info    0x00007206     0x3ff3 ace/CMakeFiles/ace.dir/src/ace/managers/ptplayer.c.obj
 .debug_info    0x0000b1f9      0x507 ace/CMakeFiles/ace.dir/src/ace/managers/state.c.obj
 .debug_info    0x0000b700     0x6037 ace/CMakeFiles/ace.dir/src/ace/managers/system.c.obj
 .debug_info    0x00011737      0x5e6 ace/CMakeFiles/ace.dir/src/ace/managers/timer.c.obj
 .debug_info    0x00011d1d     0x1057 ace/CMakeFiles/ace.dir/src/ace/utils/custom.c.obj
 .debug_info    0x00012d74      0x2e8 ace/CMakeFiles/ace.dir/src/ace/utils/tag.c.obj
 .debug_info    0x0001305c       0x89 ace/CMakeFiles/ace.dir/src/bartman/gcc8_a_support.s.obj
 .debug_info    0x000130e5      0xe01 ace/CMakeFiles/ace.dir/src/bartman/gcc8_c_support.c.obj
 .debug_info    0x00013ee6      0xd4e ace/CMakeFiles/ace.dir/src/mini_std/stdlib.c.obj
 .debug_info    0x00014c34      0x587 CMakeFiles/smite.elf.dir/src/smite.c.obj

.debug_abbrev   0x00000000     0x209b
 *(.debug_abbrev)
 .debug_abbrev  0x00000000      0x278 ace/CMakeFiles/ace.dir/src/ace/managers/blit.c.obj
 .debug_abbrev  0x00000278      0x39b ace/CMakeFiles/ace.dir/src/ace/managers/copper.c.obj
 .debug_abbrev  0x00000613       0x73 ace/CMakeFiles/ace.dir/src/ace/managers/game.c.obj
 .debug_abbrev  0x00000686      0x24b ace/CMakeFiles/ace.dir/src/ace/managers/key.c.obj
 .debug_abbrev  0x000008d1      0x219 ace/CMakeFiles/ace.dir/src/ace/managers/memory.c.obj
 .debug_abbrev  0x00000aea      0x21e ace/CMakeFiles/ace.dir/src/ace/managers/mouse.c.obj
 .debug_abbrev  0x00000d08      0x3b5 ace/CMakeFiles/ace.dir/src/ace/managers/ptplayer.c.obj
 .debug_abbrev  0x000010bd      0x14d ace/CMakeFiles/ace.dir/src/ace/managers/state.c.obj
 .debug_abbrev  0x0000120a      0x428 ace/CMakeFiles/ace.dir/src/ace/managers/system.c.obj
 .debug_abbrev  0x00001632      0x1dd ace/CMakeFiles/ace.dir/src/ace/managers/timer.c.obj
 .debug_abbrev  0x0000180f      0x193 ace/CMakeFiles/ace.dir/src/ace/utils/custom.c.obj
 .debug_abbrev  0x000019a2       0x92 ace/CMakeFiles/ace.dir/src/ace/utils/tag.c.obj
 .debug_abbrev  0x00001a34       0x21 ace/CMakeFiles/ace.dir/src/bartman/gcc8_a_support.s.obj
 .debug_abbrev  0x00001a55      0x2ee ace/CMakeFiles/ace.dir/src/bartman/gcc8_c_support.c.obj
 .debug_abbrev  0x00001d43      0x226 ace/CMakeFiles/ace.dir/src/mini_std/stdlib.c.obj
 .debug_abbrev  0x00001f69      0x132 CMakeFiles/smite.elf.dir/src/smite.c.obj

.debug_line     0x00000000     0xdb7c
 *(.debug_line .debug_line.* .debug_line_end)
 .debug_line    0x00000000     0x1a4b ace/CMakeFiles/ace.dir/src/ace/managers/blit.c.obj
 .debug_line    0x00001a4b     0x1558 ace/CMakeFiles/ace.dir/src/ace/managers/copper.c.obj
 .debug_line    0x00002fa3      0x183 ace/CMakeFiles/ace.dir/src/ace/managers/game.c.obj
 .debug_line    0x00003126      0x484 ace/CMakeFiles/ace.dir/src/ace/managers/key.c.obj
 .debug_line    0x000035aa      0x920 ace/CMakeFiles/ace.dir/src/ace/managers/memory.c.obj
 .debug_line    0x00003eca      0x89d ace/CMakeFiles/ace.dir/src/ace/managers/mouse.c.obj
 .debug_line    0x00004767     0x43b7 ace/CMakeFiles/ace.dir/src/ace/managers/ptplayer.c.obj
 .debug_line    0x00008b1e      0x683 ace/CMakeFiles/ace.dir/src/ace/managers/state.c.obj
 .debug_line    0x000091a1     0x231d ace/CMakeFiles/ace.dir/src/ace/managers/system.c.obj
 .debug_line    0x0000b4be      0x640 ace/CMakeFiles/ace.dir/src/ace/managers/timer.c.obj
 .debug_line    0x0000bafe      0x3a0 ace/CMakeFiles/ace.dir/src/ace/utils/custom.c.obj
 .debug_line    0x0000be9e      0x2a1 ace/CMakeFiles/ace.dir/src/ace/utils/tag.c.obj
 .debug_line    0x0000c13f       0xe2 ace/CMakeFiles/ace.dir/src/bartman/gcc8_a_support.s.obj
 .debug_line    0x0000c221      0xbdd ace/CMakeFiles/ace.dir/src/bartman/gcc8_c_support.c.obj
 .debug_line    0x0000cdfe      0x93f ace/CMakeFiles/ace.dir/src/mini_std/stdlib.c.obj
 .debug_line    0x0000d73d      0x43f CMakeFiles/smite.elf.dir/src/smite.c.obj

.debug_frame    0x00000000     0x4320
 *(.debug_frame)
 .debug_frame   0x00000000      0x54c ace/CMakeFiles/ace.dir/src/ace/managers/blit.c.obj
 .debug_frame   0x0000054c      0x59c ace/CMakeFiles/ace.dir/src/ace/managers/copper.c.obj
 .debug_frame   0x00000ae8       0x34 ace/CMakeFiles/ace.dir/src/ace/managers/game.c.obj
 .debug_frame   0x00000b1c      0x178 ace/CMakeFiles/ace.dir/src/ace/managers/key.c.obj
 .debug_frame   0x00000c94      0x2f4 ace/CMakeFiles/ace.dir/src/ace/managers/memory.c.obj
 .debug_frame   0x00000f88      0x388 ace/CMakeFiles/ace.dir/src/ace/managers/mouse.c.obj
 .debug_frame   0x00001310     0x1964 ace/CMakeFiles/ace.dir/src/ace/managers/ptplayer.c.obj
 .debug_frame   0x00002c74      0x138 ace/CMakeFiles/ace.dir/src/ace/managers/state.c.obj
 .debug_frame   0x00002dac      0x7e4 ace/CMakeFiles/ace.dir/src/ace/managers/system.c.obj
 .debug_frame   0x00003590      0x254 ace/CMakeFiles/ace.dir/src/ace/managers/timer.c.obj
 .debug_frame   0x000037e4       0xb4 ace/CMakeFiles/ace.dir/src/ace/utils/custom.c.obj
 .debug_frame   0x00003898       0x58 ace/CMakeFiles/ace.dir/src/ace/utils/tag.c.obj
 .debug_frame   0x000038f0       0xcc ace/CMakeFiles/ace.dir/src/bartman/gcc8_a_support.s.obj
 .debug_frame   0x000039bc      0x4ec ace/CMakeFiles/ace.dir/src/bartman/gcc8_c_support.c.obj
 .debug_frame   0x00003ea8      0x3c0 ace/CMakeFiles/ace.dir/src/mini_std/stdlib.c.obj
 .debug_frame   0x00004268       0xb8 CMakeFiles/smite.elf.dir/src/smite.c.obj

.debug_str      0x00000000      0x781
 *(.debug_str)
 .debug_str     0x00000000       0xd1 ace/CMakeFiles/ace.dir/src/ace/managers/blit.c.obj
 .debug_str     0x000000d1       0x60 ace/CMakeFiles/ace.dir/src/ace/managers/copper.c.obj
 .debug_str     0x00000131        0x0 ace/CMakeFiles/ace.dir/src/ace/managers/game.c.obj
 .debug_str     0x00000131       0x1e ace/CMakeFiles/ace.dir/src/ace/managers/key.c.obj
 .debug_str     0x0000014f       0x64 ace/CMakeFiles/ace.dir/src/ace/managers/memory.c.obj
 .debug_str     0x000001b3       0x24 ace/CMakeFiles/ace.dir/src/ace/managers/mouse.c.obj
 .debug_str     0x000001d7      0x187 ace/CMakeFiles/ace.dir/src/ace/managers/ptplayer.c.obj
 .debug_str     0x0000035e       0x3b ace/CMakeFiles/ace.dir/src/ace/managers/state.c.obj
 .debug_str     0x00000399      0x29e ace/CMakeFiles/ace.dir/src/ace/managers/system.c.obj
 .debug_str     0x00000637        0xd ace/CMakeFiles/ace.dir/src/ace/managers/timer.c.obj
 .debug_str     0x00000644        0x0 ace/CMakeFiles/ace.dir/src/ace/utils/custom.c.obj
 .debug_str     0x00000644        0x0 ace/CMakeFiles/ace.dir/src/ace/utils/tag.c.obj
 .debug_str     0x00000644       0xb6 ace/CMakeFiles/ace.dir/src/bartman/gcc8_a_support.s.obj
 .debug_str     0x000006fa       0x80 ace/CMakeFiles/ace.dir/src/bartman/gcc8_c_support.c.obj
 .debug_str     0x0000077a        0x7 ace/CMakeFiles/ace.dir/src/mini_std/stdlib.c.obj
 .debug_str     0x00000781        0x0 CMakeFiles/smite.elf.dir/src/smite.c.obj

.debug_loc
 *(.debug_loc)

.debug_macinfo
 *(.debug_macinfo)

.debug_weaknames
 *(.debug_weaknames)

.debug_funcnames
 *(.debug_funcnames)

.debug_typenames
 *(.debug_typenames)

.debug_varnames
 *(.debug_varnames)

.debug_pubtypes
 *(.debug_pubtypes)

.debug_ranges
 *(.debug_ranges)

.debug_addr
 *(.debug_addr)

.debug_line_str
 *(.debug_line_str)

.debug_loclists
                0x00000000       0xfc
 *(.debug_loclists)
 .debug_loclists
                0x00000000       0xfc ace/CMakeFiles/ace.dir/src/bartman/gcc8_c_support.c.obj

.debug_macro
 *(.debug_macro)

.debug_names
 *(.debug_names)

.debug_rnglists
                0x00000000      0xa18
 *(.debug_rnglists)
 .debug_rnglists
                0x00000000       0x8b ace/CMakeFiles/ace.dir/src/ace/managers/blit.c.obj
 .debug_rnglists
                0x0000008b       0xdd ace/CMakeFiles/ace.dir/src/ace/managers/copper.c.obj
 .debug_rnglists
                0x00000168       0x1f ace/CMakeFiles/ace.dir/src/ace/managers/game.c.obj
 .debug_rnglists
                0x00000187       0x55 ace/CMakeFiles/ace.dir/src/ace/managers/key.c.obj
 .debug_rnglists
                0x000001dc       0x82 ace/CMakeFiles/ace.dir/src/ace/managers/memory.c.obj
 .debug_rnglists
                0x0000025e       0x5e ace/CMakeFiles/ace.dir/src/ace/managers/mouse.c.obj
 .debug_rnglists
                0x000002bc      0x3c1 ace/CMakeFiles/ace.dir/src/ace/managers/ptplayer.c.obj
 .debug_rnglists
                0x0000067d       0x5e ace/CMakeFiles/ace.dir/src/ace/managers/state.c.obj
 .debug_rnglists
                0x000006db      0x13f ace/CMakeFiles/ace.dir/src/ace/managers/system.c.obj
 .debug_rnglists
                0x0000081a       0x70 ace/CMakeFiles/ace.dir/src/ace/managers/timer.c.obj
 .debug_rnglists
                0x0000088a       0x3a ace/CMakeFiles/ace.dir/src/ace/utils/custom.c.obj
 .debug_rnglists
                0x000008c4       0x16 ace/CMakeFiles/ace.dir/src/ace/utils/tag.c.obj
 .debug_rnglists
                0x000008da       0xaf ace/CMakeFiles/ace.dir/src/bartman/gcc8_c_support.c.obj
 .debug_rnglists
                0x00000989       0x55 ace/CMakeFiles/ace.dir/src/mini_std/stdlib.c.obj
 .debug_rnglists
                0x000009de       0x3a CMakeFiles/smite.elf.dir/src/smite.c.obj

.debug_str_offsets
 *(.debug_str_offsets)

.debug_sup
 *(.debug_sup)

.gnu.attributes
 *(.gnu.attributes)

/DISCARD/
 *(.note.GNU-stack)
 *(.gnu_debuglink)
 *(.gnu.lto_*)
OUTPUT(smite.elf elf32-m68k)

.gnu.debuglto_.debug_info
                0x00000000    0x13285
 .gnu.debuglto_.debug_info
                0x00000000     0x14bb ace/CMakeFiles/ace.dir/src/ace/managers/blit.c.obj
                0x00000000                blit.c.e19bf0e1
 .gnu.debuglto_.debug_info
                0x000014bb     0x284b ace/CMakeFiles/ace.dir/src/ace/managers/copper.c.obj
                0x000014bb                copper.c.44327381
 .gnu.debuglto_.debug_info
                0x00003d06      0x1c8 ace/CMakeFiles/ace.dir/src/ace/managers/game.c.obj
                0x00003d06                game.c.572ad25f
 .gnu.debuglto_.debug_info
                0x00003ece     0x10ca ace/CMakeFiles/ace.dir/src/ace/managers/key.c.obj
                0x00003ece                key.c.f246a1d2
 .gnu.debuglto_.debug_info
                0x00004f98      0x8f1 ace/CMakeFiles/ace.dir/src/ace/managers/memory.c.obj
                0x00004f98                memory.c.cebd5f43
 .gnu.debuglto_.debug_info
                0x00005889     0x11bd ace/CMakeFiles/ace.dir/src/ace/managers/mouse.c.obj
                0x00005889                mouse.c.11a7ebac
 .gnu.debuglto_.debug_info
                0x00006a46     0x3667 ace/CMakeFiles/ace.dir/src/ace/managers/ptplayer.c.obj
                0x00006a46                ptplayer.c.d4b6e5d7
 .gnu.debuglto_.debug_info
                0x0000a0ad      0x46f ace/CMakeFiles/ace.dir/src/ace/managers/state.c.obj
                0x0000a0ad                state.c.1e507926
 .gnu.debuglto_.debug_info
                0x0000a51c     0x583d ace/CMakeFiles/ace.dir/src/ace/managers/system.c.obj
                0x0000a51c                system.c.aca4cb4b
 .gnu.debuglto_.debug_info
                0x0000fd59      0x537 ace/CMakeFiles/ace.dir/src/ace/managers/timer.c.obj
                0x0000fd59                timer.c.26474ef9
 .gnu.debuglto_.debug_info
                0x00010290      0xfcf ace/CMakeFiles/ace.dir/src/ace/utils/custom.c.obj
                0x00010290                custom.c.2614246f
 .gnu.debuglto_.debug_info
                0x0001125f      0x2ae ace/CMakeFiles/ace.dir/src/ace/utils/tag.c.obj
                0x0001125f                tag.c.acfd18dc
 .gnu.debuglto_.debug_info
                0x0001150d      0xbfa ace/CMakeFiles/ace.dir/src/bartman/gcc8_c_support.c.obj
                0x0001150d                gcc8_c_support.c.46c8b150
 .gnu.debuglto_.debug_info
                0x00012107      0xc3d ace/CMakeFiles/ace.dir/src/mini_std/stdlib.c.obj
                0x00012107                stdlib.c.c2af7a14
 .gnu.debuglto_.debug_info
                0x00012d44      0x541 CMakeFiles/smite.elf.dir/src/smite.c.obj
                0x00012d44                smite.c.c8eb10aa

.gnu.debuglto_.debug_abbrev
                0x00000000     0x1aa0
 .gnu.debuglto_.debug_abbrev
                0x00000000      0x22c ace/CMakeFiles/ace.dir/src/ace/managers/blit.c.obj
 .gnu.debuglto_.debug_abbrev
                0x0000022c      0x30a ace/CMakeFiles/ace.dir/src/ace/managers/copper.c.obj
 .gnu.debuglto_.debug_abbrev
                0x00000536       0x5d ace/CMakeFiles/ace.dir/src/ace/managers/game.c.obj
 .gnu.debuglto_.debug_abbrev
                0x00000593      0x1f4 ace/CMakeFiles/ace.dir/src/ace/managers/key.c.obj
 .gnu.debuglto_.debug_abbrev
                0x00000787      0x1ae ace/CMakeFiles/ace.dir/src/ace/managers/memory.c.obj
 .gnu.debuglto_.debug_abbrev
                0x00000935      0x1b4 ace/CMakeFiles/ace.dir/src/ace/managers/mouse.c.obj
 .gnu.debuglto_.debug_abbrev
                0x00000ae9      0x2bd ace/CMakeFiles/ace.dir/src/ace/managers/ptplayer.c.obj
 .gnu.debuglto_.debug_abbrev
                0x00000da6      0x129 ace/CMakeFiles/ace.dir/src/ace/managers/state.c.obj
 .gnu.debuglto_.debug_abbrev
                0x00000ecf      0x35c ace/CMakeFiles/ace.dir/src/ace/managers/system.c.obj
 .gnu.debuglto_.debug_abbrev
                0x0000122b      0x192 ace/CMakeFiles/ace.dir/src/ace/managers/timer.c.obj
 .gnu.debuglto_.debug_abbrev
                0x000013bd      0x171 ace/CMakeFiles/ace.dir/src/ace/utils/custom.c.obj
 .gnu.debuglto_.debug_abbrev
                0x0000152e       0x7a ace/CMakeFiles/ace.dir/src/ace/utils/tag.c.obj
 .gnu.debuglto_.debug_abbrev
                0x000015a8      0x20e ace/CMakeFiles/ace.dir/src/bartman/gcc8_c_support.c.obj
 .gnu.debuglto_.debug_abbrev
                0x000017b6      0x1d8 ace/CMakeFiles/ace.dir/src/mini_std/stdlib.c.obj
 .gnu.debuglto_.debug_abbrev
                0x0000198e      0x112 CMakeFiles/smite.elf.dir/src/smite.c.obj

.gnu.debuglto_.debug_line
                0x00000000     0x260b
 .gnu.debuglto_.debug_line
                0x00000000      0x2cf ace/CMakeFiles/ace.dir/src/ace/managers/blit.c.obj
 .gnu.debuglto_.debug_line
                0x000002cf      0x3b6 ace/CMakeFiles/ace.dir/src/ace/managers/copper.c.obj
 .gnu.debuglto_.debug_line
                0x00000685      0x12f ace/CMakeFiles/ace.dir/src/ace/managers/game.c.obj
 .gnu.debuglto_.debug_line
                0x000007b4      0x226 ace/CMakeFiles/ace.dir/src/ace/managers/key.c.obj
 .gnu.debuglto_.debug_line
                0x000009da      0x1de ace/CMakeFiles/ace.dir/src/ace/managers/memory.c.obj
 .gnu.debuglto_.debug_line
                0x00000bb8      0x303 ace/CMakeFiles/ace.dir/src/ace/managers/mouse.c.obj
 .gnu.debuglto_.debug_line
                0x00000ebb      0x287 ace/CMakeFiles/ace.dir/src/ace/managers/ptplayer.c.obj
 .gnu.debuglto_.debug_line
                0x00001142      0x17f ace/CMakeFiles/ace.dir/src/ace/managers/state.c.obj
 .gnu.debuglto_.debug_line
                0x000012c1      0x606 ace/CMakeFiles/ace.dir/src/ace/managers/system.c.obj
 .gnu.debuglto_.debug_line
                0x000018c7      0x1f8 ace/CMakeFiles/ace.dir/src/ace/managers/timer.c.obj
 .gnu.debuglto_.debug_line
                0x00001abf      0x1da ace/CMakeFiles/ace.dir/src/ace/utils/custom.c.obj
 .gnu.debuglto_.debug_line
                0x00001c99      0x1d3 ace/CMakeFiles/ace.dir/src/ace/utils/tag.c.obj
 .gnu.debuglto_.debug_line
                0x00001e6c      0x1e7 ace/CMakeFiles/ace.dir/src/bartman/gcc8_c_support.c.obj
 .gnu.debuglto_.debug_line
                0x00002053      0x345 ace/CMakeFiles/ace.dir/src/mini_std/stdlib.c.obj
 .gnu.debuglto_.debug_line
                0x00002398      0x273 CMakeFiles/smite.elf.dir/src/smite.c.obj

.gnu.debuglto_.debug_str
                0x00000000      0x6cb
 .gnu.debuglto_.debug_str
                0x00000000       0xd1 ace/CMakeFiles/ace.dir/src/ace/managers/blit.c.obj
 .gnu.debuglto_.debug_str
                0x000000d1       0x60 ace/CMakeFiles/ace.dir/src/ace/managers/copper.c.obj
 .gnu.debuglto_.debug_str
                0x00000131        0x0 ace/CMakeFiles/ace.dir/src/ace/managers/game.c.obj
 .gnu.debuglto_.debug_str
                0x00000131       0x1e ace/CMakeFiles/ace.dir/src/ace/managers/key.c.obj
 .gnu.debuglto_.debug_str
                0x0000014f       0x64 ace/CMakeFiles/ace.dir/src/ace/managers/memory.c.obj
 .gnu.debuglto_.debug_str
                0x000001b3       0x24 ace/CMakeFiles/ace.dir/src/ace/managers/mouse.c.obj
 .gnu.debuglto_.debug_str
                0x000001d7      0x187 ace/CMakeFiles/ace.dir/src/ace/managers/ptplayer.c.obj
 .gnu.debuglto_.debug_str
                0x0000035e       0x3b ace/CMakeFiles/ace.dir/src/ace/managers/state.c.obj
 .gnu.debuglto_.debug_str
                0x00000399      0x29e ace/CMakeFiles/ace.dir/src/ace/managers/system.c.obj
 .gnu.debuglto_.debug_str
                0x00000637        0xd ace/CMakeFiles/ace.dir/src/ace/managers/timer.c.obj
 .gnu.debuglto_.debug_str
                0x00000644        0x0 ace/CMakeFiles/ace.dir/src/ace/utils/custom.c.obj
 .gnu.debuglto_.debug_str
                0x00000644        0x0 ace/CMakeFiles/ace.dir/src/ace/utils/tag.c.obj
 .gnu.debuglto_.debug_str
                0x00000644       0x80 ace/CMakeFiles/ace.dir/src/bartman/gcc8_c_support.c.obj
 .gnu.debuglto_.debug_str
                0x000006c4        0x7 ace/CMakeFiles/ace.dir/src/mini_std/stdlib.c.obj
 .gnu.debuglto_.debug_str
                0x000006cb        0x0 CMakeFiles/smite.elf.dir/src/smite.c.obj
